// Jest Snapshot v1, https://goo.gl/fbAQLP

exports[`ConnectMenu when user is disconnected triggers a connect on click if disconnected 1`] = `
<div>
  <div
    class="MuiBox-root css-0"
  >
    <button
      class="MuiButton-root MuiButton-text MuiButton-textPrimary MuiButton-sizeMedium MuiButton-textSizeMedium MuiButtonBase-root  css-575ak1-MuiButtonBase-root-MuiButton-root"
      tabindex="0"
      type="button"
    >
      Connect Wallet
      <span
        class="MuiTouchRipple-root css-8je8zh-MuiTouchRipple-root"
      />
    </button>
  </div>
  ,
</div>
`;
