// Jest Snapshot v1, https://goo.gl/fbAQLP

exports[`NotFound renders 1`] = `
<div>
  <div
    class="MuiBox-root css-9vzy08"
  >
    <h1
      class="MuiTypography-root MuiTypography-h1 css-lt69zl-MuiTypography-root"
    >
      PageNotFound
    </h1>
  </div>
</div>
`;
