// Jest Snapshot v1, https://goo.gl/fbAQLP

exports[`BondDialog dispatches the actions 1`] = `
Object {
  "asFragment": [Function],
  "baseElement": <body
    style=""
  >
    <div
      id="WEB3_CONNECT_MODAL_ID"
    >
      <div
        class="sc-jSMfEi feQmWT web3modal-modal-lightbox"
        offset="0"
        opacity="0.4"
      >
        <div
          class="sc-gKXOVf gOSrSh web3modal-modal-container"
        >
          <div
            class="sc-iBkjds hbCoUo web3modal-modal-hitbox"
          />
          <div
            class="sc-ftvSup iabRxz web3modal-modal-card"
          >
            <div
              class="sc-eCYdqJ dFclSe web3modal-provider-wrapper"
            >
              <div
                class="sc-hKMtZM keqyKc web3modal-provider-container"
              >
                <div
                  class="sc-bczRLJ dtZuCG web3modal-provider-icon"
                >
                  <img
                    alt="WalletConnect"
                    src="data:image/svg+xml;base64,PHN2ZyBoZWlnaHQ9IjUxMiIgdmlld0JveD0iMCAwIDUxMiA1MTIiIHdpZHRoPSI1MTIiIHhtbG5zPSJodHRwOi8vd3d3LnczLm9yZy8yMDAwL3N2ZyIgeG1sbnM6eGxpbms9Imh0dHA6Ly93d3cudzMub3JnLzE5OTkveGxpbmsiPjxyYWRpYWxHcmFkaWVudCBpZD0iYSIgY3g9IjAlIiBjeT0iNTAlIiByPSIxMDAlIj48c3RvcCBvZmZzZXQ9IjAiIHN0b3AtY29sb3I9IiM1ZDlkZjYiLz48c3RvcCBvZmZzZXQ9IjEiIHN0b3AtY29sb3I9IiMwMDZmZmYiLz48L3JhZGlhbEdyYWRpZW50PjxnIGZpbGw9Im5vbmUiIGZpbGwtcnVsZT0iZXZlbm9kZCI+PHBhdGggZD0ibTI1NiAwYzE0MS4zODQ4OTYgMCAyNTYgMTE0LjYxNTEwNCAyNTYgMjU2cy0xMTQuNjE1MTA0IDI1Ni0yNTYgMjU2LTI1Ni0xMTQuNjE1MTA0LTI1Ni0yNTYgMTE0LjYxNTEwNC0yNTYgMjU2LTI1NnoiIGZpbGw9InVybCgjYSkiLz48cGF0aCBkPSJtNjQuNjkxNzU1OCAzNy43MDg4Mjk4YzUxLjUzMjgwNzItNTAuMjc4NDM5NyAxMzUuMDgzOTk0Mi01MC4yNzg0Mzk3IDE4Ni42MTY3OTkyIDBsNi4yMDIwNTcgNi4wNTEwOTA2YzIuNTc2NjQgMi41MTM5MjE4IDIuNTc2NjQgNi41ODk3OTQ4IDAgOS4xMDM3MTc3bC0yMS4yMTU5OTggMjAuNjk5NTc1OWMtMS4yODgzMjEgMS4yNTY5NjE5LTMuMzc3MSAxLjI1Njk2MTktNC42NjU0MjEgMGwtOC41MzQ3NjYtOC4zMjcwMjA1Yy0zNS45NTA1NzMtMzUuMDc1NDk2Mi05NC4yMzc5NjktMzUuMDc1NDk2Mi0xMzAuMTg4NTQ0IDBsLTkuMTQwMDI4MiA4LjkxNzU1MTljLTEuMjg4MzIxNyAxLjI1Njk2MDktMy4zNzcxMDE2IDEuMjU2OTYwOS00LjY2NTQyMDggMGwtMjEuMjE1OTk3My0yMC42OTk1NzU5Yy0yLjU3NjY0MDMtMi41MTM5MjI5LTIuNTc2NjQwMy02LjU4OTc5NTggMC05LjEwMzcxNzd6bTIzMC40OTM0ODUyIDQyLjgwODkxMTcgMTguODgyMjc5IDE4LjQyMjcyNjJjMi41NzY2MjcgMi41MTM5MTAzIDIuNTc2NjQyIDYuNTg5NzU5My4wMDAwMzIgOS4xMDM2ODYzbC04NS4xNDE0OTggODMuMDcwMzU4Yy0yLjU3NjYyMyAyLjUxMzk0MS02Ljc1NDE4MiAyLjUxMzk2OS05LjMzMDg0LjAwMDA2Ni0uMDAwMDEtLjAwMDAxLS4wMDAwMjMtLjAwMDAyMy0uMDAwMDMzLS4wMDAwMzRsLTYwLjQyODI1Ni01OC45NTc0NTFjLS42NDQxNi0uNjI4NDgxLTEuNjg4NTUtLjYyODQ4MS0yLjMzMjcxIDAtLjAwMDAwNC4wMDAwMDQtLjAwMDAwOC4wMDAwMDctLjAwMDAxMi4wMDAwMTFsLTYwLjQyNjk2ODMgNTguOTU3NDA4Yy0yLjU3NjYxNDEgMi41MTM5NDctNi43NTQxNzQ2IDIuNTEzOTktOS4zMzA4NDA4LjAwMDA5Mi0uMDAwMDE1MS0uMDAwMDE0LS4wMDAwMzA5LS4wMDAwMjktLjAwMDA0NjctLjAwMDA0NmwtODUuMTQzODY3NzQtODMuMDcxNDYzYy0yLjU3NjYzOTI4LTIuNTEzOTIxLTIuNTc2NjM5MjgtNi41ODk3OTUgMC05LjEwMzcxNjNsMTguODgyMzEyNjQtMTguNDIyNjk1NWMyLjU3NjYzOTMtMi41MTM5MjIyIDYuNzU0MTk5My0yLjUxMzkyMjIgOS4zMzA4Mzk3IDBsNjAuNDI5MTM0NyA1OC45NTgyNzU4Yy42NDQxNjA4LjYyODQ4IDEuNjg4NTQ5NS42Mjg0OCAyLjMzMjcxMDMgMCAuMDAwMDA5NS0uMDAwMDA5LjAwMDAxODItLjAwMDAxOC4wMDAwMjc3LS4wMDAwMjVsNjAuNDI2MTA2NS01OC45NTgyNTA4YzIuNTc2NTgxLTIuNTEzOTggNi43NTQxNDItMi41MTQwNzQzIDkuMzMwODQtLjAwMDIxMDMuMDAwMDM3LjAwMDAzNTQuMDAwMDcyLjAwMDA3MDkuMDAwMTA3LjAwMDEwNjNsNjAuNDI5MDU2IDU4Ljk1ODM1NDhjLjY0NDE1OS42Mjg0NzkgMS42ODg1NDkuNjI4NDc5IDIuMzMyNzA5IDBsNjAuNDI4MDc5LTU4Ljk1NzE5MjVjMi41NzY2NC0yLjUxMzkyMzEgNi43NTQxOTktMi41MTM5MjMxIDkuMzMwODM5IDB6IiBmaWxsPSIjZmZmIiBmaWxsLXJ1bGU9Im5vbnplcm8iIHRyYW5zZm9ybT0idHJhbnNsYXRlKDk4IDE2MCkiLz48L2c+PC9zdmc+"
                  />
                </div>
                <div
                  class="sc-gsnTZi kmGPKa web3modal-provider-name"
                >
                  WalletConnect
                </div>
                <div
                  class="sc-dkzDqf flNBYJ web3modal-provider-description"
                >
                  Scan with WalletConnect to connect
                </div>
              </div>
            </div>
          </div>
        </div>
      </div>
    </div>
    <div>
      <div
        class="MuiBox-root css-tkevr6"
      >
        <span
          class="MuiCircularProgress-root MuiCircularProgress-indeterminate MuiCircularProgress-colorPrimary css-18lrjg1-MuiCircularProgress-root"
          role="progressbar"
          style="width: 120px; height: 120px;"
        >
          <svg
            class="MuiCircularProgress-svg css-1idz92c-MuiCircularProgress-svg"
            viewBox="22 22 44 44"
          >
            <circle
              class="MuiCircularProgress-circle MuiCircularProgress-circleIndeterminate css-176wh8e-MuiCircularProgress-circle"
              cx="44"
              cy="44"
              fill="none"
              r="20.2"
              stroke-width="3.6"
            />
          </svg>
        </span>
      </div>
      ,
    </div>
  </body>,
  "container": <div>
    <div
      class="MuiBox-root css-tkevr6"
    >
      <span
        class="MuiCircularProgress-root MuiCircularProgress-indeterminate MuiCircularProgress-colorPrimary css-18lrjg1-MuiCircularProgress-root"
        role="progressbar"
        style="width: 120px; height: 120px;"
      >
        <svg
          class="MuiCircularProgress-svg css-1idz92c-MuiCircularProgress-svg"
          viewBox="22 22 44 44"
        >
          <circle
            class="MuiCircularProgress-circle MuiCircularProgress-circleIndeterminate css-176wh8e-MuiCircularProgress-circle"
            cx="44"
            cy="44"
            fill="none"
            r="20.2"
            stroke-width="3.6"
          />
        </svg>
      </span>
    </div>
    ,
  </div>,
  "debug": [Function],
  "findAllByAltText": [Function],
  "findAllByDisplayValue": [Function],
  "findAllByLabelText": [Function],
  "findAllByPlaceholderText": [Function],
  "findAllByRole": [Function],
  "findAllByTestId": [Function],
  "findAllByText": [Function],
  "findAllByTitle": [Function],
  "findByAltText": [Function],
  "findByDisplayValue": [Function],
  "findByLabelText": [Function],
  "findByPlaceholderText": [Function],
  "findByRole": [Function],
  "findByTestId": [Function],
  "findByText": [Function],
  "findByTitle": [Function],
  "getAllByAltText": [Function],
  "getAllByDisplayValue": [Function],
  "getAllByLabelText": [Function],
  "getAllByPlaceholderText": [Function],
  "getAllByRole": [Function],
  "getAllByTestId": [Function],
  "getAllByText": [Function],
  "getAllByTitle": [Function],
  "getByAltText": [Function],
  "getByDisplayValue": [Function],
  "getByLabelText": [Function],
  "getByPlaceholderText": [Function],
  "getByRole": [Function],
  "getByTestId": [Function],
  "getByText": [Function],
  "getByTitle": [Function],
  "queryAllByAltText": [Function],
  "queryAllByDisplayValue": [Function],
  "queryAllByLabelText": [Function],
  "queryAllByPlaceholderText": [Function],
  "queryAllByRole": [Function],
  "queryAllByTestId": [Function],
  "queryAllByText": [Function],
  "queryAllByTitle": [Function],
  "queryByAltText": [Function],
  "queryByDisplayValue": [Function],
  "queryByLabelText": [Function],
  "queryByPlaceholderText": [Function],
  "queryByRole": [Function],
  "queryByTestId": [Function],
  "queryByText": [Function],
  "queryByTitle": [Function],
  "rerender": [Function],
  "unmount": [Function],
}
`;

exports[`BondDialog renders 1`] = `
<div
  aria-hidden="true"
>
  ,
</div>
`;
